6
6
5
9
11
6
4
-1
4
4
28
3
2.25
1.2
1
102
0.5

LMC Error: Division by zero
