false
true
foo called
bar called
foo called
bar called
bar called
bar called
