no
yes
no
yes
no
no
no
yes
yes
Correctly not-ed
yes
Complex expression works
